Need to install the following packages:
tsc@2.0.4
Ok to proceed? (y) 
npm error canceled
npm error A complete log of this run can be found in: C:\Users\user\AppData\Local\npm-cache\_logs\2026-02-28T10_30_02_669Z-debug-0.log
